0 verbose cli C:\Users\david\AppData\Local\Doubao\User Data\Default\sandbox_envs_dir\envs\e8597d88-f25e-4019-9b3a-a457e81ff76d\node\node.exe C:\Users\david\AppData\Local\Doubao\User Data\Default\sandbox_envs_dir\envs\e8597d88-f25e-4019-9b3a-a457e81ff76d\node\node_modules\npm\bin\npm-cli.js
1 info using npm@10.8.2
2 info using node@v20.20.2
3 silly config load:file:C:\Users\david\AppData\Local\Doubao\User Data\Default\sandbox_envs_dir\envs\e8597d88-f25e-4019-9b3a-a457e81ff76d\node\node_modules\npm\npmrc
4 silly config load:file:C:\Users\david\2026-Phase-2\frontend\.npmrc
5 silly config load:file:C:\Users\david\.npmrc
6 silly config load:file:C:\Users\david\AppData\Local\Doubao\User Data\Default\sandbox_envs_dir\envs\e8597d88-f25e-4019-9b3a-a457e81ff76d\node\etc\npmrc
7 verbose title npm install vite@5.0.0 @vitejs/plugin-react@4.0.0
8 verbose argv "install" "vite@5.0.0" "@vitejs/plugin-react@4.0.0" "--save-dev" "--cache" "C:\\Users\\david\\2026-Phase-2\\.npm-cache" "--no-audit" "--no-fund" "--legacy-peer-deps"
9 verbose logfile logs-max:10 dir:C:\Users\david\2026-Phase-2\.npm-cache\_logs\2026-07-03T15_13_12_963Z-
10 verbose logfile C:\Users\david\2026-Phase-2\.npm-cache\_logs\2026-07-03T15_13_12_963Z-debug-0.log
11 silly packumentCache heap:4345298944 maxSize:1086324736 maxEntrySize:543162368
12 silly logfile done cleaning log files
13 silly idealTree buildDeps
14 silly fetch manifest @vitejs/plugin-react@4.0.0
15 silly packumentCache full:https://registry.npmjs.org/@vitejs%2fplugin-react cache-miss
16 verbose shrinkwrap failed to load node_modules/.package-lock.json missing from lockfile: node_modules/tslib
17 http fetch GET 200 https://registry.npmjs.org/@vitejs%2fplugin-react 236ms (cache hit)
18 silly packumentCache full:https://registry.npmjs.org/@vitejs%2fplugin-react set size:270584 disposed:false
19 silly fetch manifest vite@5.0.0
20 silly packumentCache full:https://registry.npmjs.org/vite cache-miss
21 http fetch GET 200 https://registry.npmjs.org/vite 149ms (cache hit)
22 silly packumentCache full:https://registry.npmjs.org/vite set size:38896984 disposed:false
23 silly placeDep ROOT @vitejs/plugin-react@4.0.0 REPLACE for: frontend@0.0.0 want: 4.0.0
24 silly placeDep ROOT vite@5.0.0 REPLACE for: frontend@0.0.0 want: 5.0.0
25 silly fetch manifest react-refresh@^0.14.0
26 silly packumentCache full:https://registry.npmjs.org/react-refresh cache-miss
27 silly fetch manifest @babel/plugin-transform-react-jsx-self@^7.21.0
28 silly packumentCache full:https://registry.npmjs.org/@babel%2fplugin-transform-react-jsx-self cache-miss
29 silly fetch manifest @babel/plugin-transform-react-jsx-source@^7.19.6
30 silly packumentCache full:https://registry.npmjs.org/@babel%2fplugin-transform-react-jsx-source cache-miss
31 silly fetch manifest rollup@^4.2.0
32 silly packumentCache full:https://registry.npmjs.org/rollup cache-miss
33 silly fetch manifest esbuild@^0.19.3
34 silly packumentCache full:https://registry.npmjs.org/esbuild cache-miss
35 http fetch GET 200 https://registry.npmjs.org/rollup 250ms (cache miss)
36 silly packumentCache full:https://registry.npmjs.org/rollup set size:undefined disposed:false
37 http fetch GET 200 https://registry.npmjs.org/esbuild 425ms (cache miss)
38 silly packumentCache full:https://registry.npmjs.org/esbuild set size:undefined disposed:false
39 http fetch GET 200 https://registry.npmjs.org/@babel%2fplugin-transform-react-jsx-source 473ms (cache miss)
40 silly packumentCache full:https://registry.npmjs.org/@babel%2fplugin-transform-react-jsx-source set size:undefined disposed:false
41 http fetch GET 200 https://registry.npmjs.org/react-refresh 482ms (cache miss)
42 silly packumentCache full:https://registry.npmjs.org/react-refresh set size:undefined disposed:false
43 http fetch GET 200 https://registry.npmjs.org/@babel%2fplugin-transform-react-jsx-self 565ms (cache miss)
44 silly packumentCache full:https://registry.npmjs.org/@babel%2fplugin-transform-react-jsx-self set size:undefined disposed:false
45 silly placeDep ROOT @babel/plugin-transform-react-jsx-self@7.29.7 OK for: @vitejs/plugin-react@4.0.0 want: ^7.21.0
46 silly placeDep ROOT @babel/plugin-transform-react-jsx-source@7.29.7 OK for: @vitejs/plugin-react@4.0.0 want: ^7.19.6
47 silly placeDep ROOT react-refresh@0.14.2 OK for: @vitejs/plugin-react@4.0.0 want: ^0.14.0
48 silly fetch manifest @babel/helper-plugin-utils@^7.29.7
49 silly packumentCache full:https://registry.npmjs.org/@babel%2fhelper-plugin-utils cache-miss
50 silly fetch manifest @babel/helper-plugin-utils@^7.29.7
51 silly packumentCache full:https://registry.npmjs.org/@babel%2fhelper-plugin-utils cache-miss
52 http fetch GET 200 https://registry.npmjs.org/@babel%2fhelper-plugin-utils 382ms (cache miss)
53 silly packumentCache full:https://registry.npmjs.org/@babel%2fhelper-plugin-utils set size:undefined disposed:false
54 http fetch GET 200 https://registry.npmjs.org/@babel%2fhelper-plugin-utils 427ms (cache miss)
55 silly packumentCache full:https://registry.npmjs.org/@babel%2fhelper-plugin-utils set size:undefined disposed:false
56 silly placeDep ROOT @babel/helper-plugin-utils@7.29.7 OK for: @babel/plugin-transform-react-jsx-self@7.29.7 want: ^7.29.7
57 silly placeDep ROOT esbuild@0.19.12 OK for: vite@5.0.0 want: ^0.19.3
58 silly placeDep ROOT rollup@4.62.2 OK for: vite@5.0.0 want: ^4.2.0
59 silly fetch manifest @esbuild/aix-ppc64@0.19.12
60 silly packumentCache full:https://registry.npmjs.org/@esbuild%2faix-ppc64 cache-miss
61 silly fetch manifest @esbuild/linux-arm@0.19.12
62 silly packumentCache full:https://registry.npmjs.org/@esbuild%2flinux-arm cache-miss
63 silly fetch manifest @esbuild/linux-x64@0.19.12
64 silly packumentCache full:https://registry.npmjs.org/@esbuild%2flinux-x64 cache-miss
65 silly fetch manifest @esbuild/sunos-x64@0.19.12
66 silly packumentCache full:https://registry.npmjs.org/@esbuild%2fsunos-x64 cache-miss
67 silly fetch manifest @esbuild/win32-x64@0.19.12
68 silly packumentCache full:https://registry.npmjs.org/@esbuild%2fwin32-x64 cache-miss
69 silly fetch manifest @esbuild/darwin-x64@0.19.12
70 silly packumentCache full:https://registry.npmjs.org/@esbuild%2fdarwin-x64 cache-miss
71 silly fetch manifest @esbuild/linux-ia32@0.19.12
72 silly packumentCache full:https://registry.npmjs.org/@esbuild%2flinux-ia32 cache-miss
73 silly fetch manifest @esbuild/netbsd-x64@0.19.12
74 silly packumentCache full:https://registry.npmjs.org/@esbuild%2fnetbsd-x64 cache-miss
75 silly fetch manifest @esbuild/win32-ia32@0.19.12
76 silly packumentCache full:https://registry.npmjs.org/@esbuild%2fwin32-ia32 cache-miss
77 silly fetch manifest @esbuild/android-arm@0.19.12
78 silly packumentCache full:https://registry.npmjs.org/@esbuild%2fandroid-arm cache-miss
79 silly fetch manifest @esbuild/android-x64@0.19.12
80 silly packumentCache full:https://registry.npmjs.org/@esbuild%2fandroid-x64 cache-miss
81 http fetch GET 200 https://registry.npmjs.org/@esbuild%2fwin32-x64 249ms (cache miss)
82 silly packumentCache full:https://registry.npmjs.org/@esbuild%2fwin32-x64 set size:undefined disposed:false
83 silly fetch manifest @esbuild/freebsd-x64@0.19.12
84 silly packumentCache full:https://registry.npmjs.org/@esbuild%2ffreebsd-x64 cache-miss
85 http fetch GET 200 https://registry.npmjs.org/@esbuild%2flinux-arm 336ms (cache miss)
86 silly packumentCache full:https://registry.npmjs.org/@esbuild%2flinux-arm set size:undefined disposed:false
87 silly fetch manifest @esbuild/linux-arm64@0.19.12
88 silly packumentCache full:https://registry.npmjs.org/@esbuild%2flinux-arm64 cache-miss
89 http fetch GET 200 https://registry.npmjs.org/@esbuild%2faix-ppc64 342ms (cache miss)
90 silly packumentCache full:https://registry.npmjs.org/@esbuild%2faix-ppc64 set size:undefined disposed:false
91 silly fetch manifest @esbuild/linux-ppc64@0.19.12
92 silly packumentCache full:https://registry.npmjs.org/@esbuild%2flinux-ppc64 cache-miss
93 http fetch GET 200 https://registry.npmjs.org/@esbuild%2fwin32-ia32 420ms (cache miss)
94 silly packumentCache full:https://registry.npmjs.org/@esbuild%2fwin32-ia32 set size:undefined disposed:false
95 silly fetch manifest @esbuild/linux-s390x@0.19.12
96 silly packumentCache full:https://registry.npmjs.org/@esbuild%2flinux-s390x cache-miss
97 http fetch GET 200 https://registry.npmjs.org/@esbuild%2fandroid-x64 429ms (cache miss)
98 silly packumentCache full:https://registry.npmjs.org/@esbuild%2fandroid-x64 set size:undefined disposed:false
99 silly fetch manifest @esbuild/openbsd-x64@0.19.12
100 silly packumentCache full:https://registry.npmjs.org/@esbuild%2fopenbsd-x64 cache-miss
101 http fetch GET 200 https://registry.npmjs.org/@esbuild%2flinux-ia32 439ms (cache miss)
102 silly packumentCache full:https://registry.npmjs.org/@esbuild%2flinux-ia32 set size:undefined disposed:false
103 silly fetch manifest @esbuild/win32-arm64@0.19.12
104 silly packumentCache full:https://registry.npmjs.org/@esbuild%2fwin32-arm64 cache-miss
105 http fetch GET 200 https://registry.npmjs.org/@esbuild%2fandroid-arm 439ms (cache miss)
106 silly packumentCache full:https://registry.npmjs.org/@esbuild%2fandroid-arm set size:undefined disposed:false
107 silly fetch manifest @esbuild/darwin-arm64@0.19.12
108 silly packumentCache full:https://registry.npmjs.org/@esbuild%2fdarwin-arm64 cache-miss
109 http fetch GET 200 https://registry.npmjs.org/@esbuild%2fdarwin-x64 446ms (cache miss)
110 silly packumentCache full:https://registry.npmjs.org/@esbuild%2fdarwin-x64 set size:undefined disposed:false
111 silly fetch manifest @esbuild/android-arm64@0.19.12
112 silly packumentCache full:https://registry.npmjs.org/@esbuild%2fandroid-arm64 cache-miss
113 http fetch GET 200 https://registry.npmjs.org/@esbuild%2fsunos-x64 515ms (cache miss)
114 silly packumentCache full:https://registry.npmjs.org/@esbuild%2fsunos-x64 set size:undefined disposed:false
115 silly fetch manifest @esbuild/freebsd-arm64@0.19.12
116 silly packumentCache full:https://registry.npmjs.org/@esbuild%2ffreebsd-arm64 cache-miss
117 http fetch GET 200 https://registry.npmjs.org/@esbuild%2fnetbsd-x64 547ms (cache miss)
118 silly packumentCache full:https://registry.npmjs.org/@esbuild%2fnetbsd-x64 set size:undefined disposed:false
119 silly fetch manifest @esbuild/linux-loong64@0.19.12
120 silly packumentCache full:https://registry.npmjs.org/@esbuild%2flinux-loong64 cache-miss
121 http fetch GET 200 https://registry.npmjs.org/@esbuild%2ffreebsd-x64 340ms (cache miss)
122 silly packumentCache full:https://registry.npmjs.org/@esbuild%2ffreebsd-x64 set size:undefined disposed:false
123 silly fetch manifest @esbuild/linux-riscv64@0.19.12
124 silly packumentCache full:https://registry.npmjs.org/@esbuild%2flinux-riscv64 cache-miss
125 http fetch GET 200 https://registry.npmjs.org/@esbuild%2flinux-x64 670ms (cache miss)
126 silly packumentCache full:https://registry.npmjs.org/@esbuild%2flinux-x64 set size:undefined disposed:false
127 silly fetch manifest @esbuild/linux-mips64el@0.19.12
128 silly packumentCache full:https://registry.npmjs.org/@esbuild%2flinux-mips64el cache-miss
129 http fetch GET 200 https://registry.npmjs.org/@esbuild%2flinux-ppc64 337ms (cache miss)
130 silly packumentCache full:https://registry.npmjs.org/@esbuild%2flinux-ppc64 set size:undefined disposed:false
131 silly fetch manifest @rollup/rollup-darwin-arm64@4.62.2
132 silly packumentCache full:https://registry.npmjs.org/@rollup%2frollup-darwin-arm64 cache-miss
133 http fetch GET 200 https://registry.npmjs.org/@esbuild%2flinux-s390x 336ms (cache miss)
134 silly packumentCache full:https://registry.npmjs.org/@esbuild%2flinux-s390x set size:undefined disposed:false
135 silly fetch manifest @rollup/rollup-android-arm64@4.62.2
136 silly packumentCache full:https://registry.npmjs.org/@rollup%2frollup-android-arm64 cache-miss
137 http fetch GET 200 https://registry.npmjs.org/@esbuild%2fandroid-arm64 352ms (cache miss)
138 silly packumentCache full:https://registry.npmjs.org/@esbuild%2fandroid-arm64 set size:undefined disposed:false
139 silly fetch manifest @rollup/rollup-win32-arm64-msvc@4.62.2
140 silly packumentCache full:https://registry.npmjs.org/@rollup%2frollup-win32-arm64-msvc cache-miss
141 http fetch GET 200 https://registry.npmjs.org/@esbuild%2fwin32-arm64 364ms (cache miss)
142 silly packumentCache full:https://registry.npmjs.org/@esbuild%2fwin32-arm64 set size:undefined disposed:false
143 silly fetch manifest @rollup/rollup-freebsd-arm64@4.62.2
144 silly packumentCache full:https://registry.npmjs.org/@rollup%2frollup-freebsd-arm64 cache-miss
145 http fetch GET 200 https://registry.npmjs.org/@esbuild%2fdarwin-arm64 363ms (cache miss)
146 silly packumentCache full:https://registry.npmjs.org/@esbuild%2fdarwin-arm64 set size:undefined disposed:false
147 silly fetch manifest @rollup/rollup-linux-arm64-gnu@4.62.2
148 silly packumentCache full:https://registry.npmjs.org/@rollup%2frollup-linux-arm64-gnu cache-miss
149 http fetch GET 200 https://registry.npmjs.org/@esbuild%2fopenbsd-x64 377ms (cache miss)
150 silly packumentCache full:https://registry.npmjs.org/@esbuild%2fopenbsd-x64 set size:undefined disposed:false
151 silly fetch manifest @rollup/rollup-linux-arm64-musl@4.62.2
152 silly packumentCache full:https://registry.npmjs.org/@rollup%2frollup-linux-arm64-musl cache-miss
153 http fetch GET 200 https://registry.npmjs.org/@esbuild%2ffreebsd-arm64 357ms (cache miss)
154 silly packumentCache full:https://registry.npmjs.org/@esbuild%2ffreebsd-arm64 set size:undefined disposed:false
155 silly fetch manifest @rollup/rollup-android-arm-eabi@4.62.2
156 silly packumentCache full:https://registry.npmjs.org/@rollup%2frollup-android-arm-eabi cache-miss
157 http fetch GET 200 https://registry.npmjs.org/@esbuild%2flinux-arm64 541ms (cache miss)
158 silly packumentCache full:https://registry.npmjs.org/@esbuild%2flinux-arm64 set size:undefined disposed:false
159 silly fetch manifest @rollup/rollup-linux-arm-gnueabihf@4.62.2
160 silly packumentCache full:https://registry.npmjs.org/@rollup%2frollup-linux-arm-gnueabihf cache-miss
161 http fetch GET 200 https://registry.npmjs.org/@esbuild%2flinux-loong64 357ms (cache miss)
162 silly packumentCache full:https://registry.npmjs.org/@esbuild%2flinux-loong64 set size:undefined disposed:false
163 silly fetch manifest @rollup/rollup-linux-arm-musleabihf@4.62.2
164 silly packumentCache full:https://registry.npmjs.org/@rollup%2frollup-linux-arm-musleabihf cache-miss
165 http fetch GET 200 https://registry.npmjs.org/@esbuild%2flinux-riscv64 347ms (cache miss)
166 silly packumentCache full:https://registry.npmjs.org/@esbuild%2flinux-riscv64 set size:undefined disposed:false
167 silly fetch manifest @rollup/rollup-win32-ia32-msvc@4.62.2
168 silly packumentCache full:https://registry.npmjs.org/@rollup%2frollup-win32-ia32-msvc cache-miss
169 http fetch GET 200 https://registry.npmjs.org/@esbuild%2flinux-mips64el 339ms (cache miss)
170 silly packumentCache full:https://registry.npmjs.org/@esbuild%2flinux-mips64el set size:undefined disposed:false
171 silly fetch manifest @rollup/rollup-linux-loong64-gnu@4.62.2
172 silly packumentCache full:https://registry.npmjs.org/@rollup%2frollup-linux-loong64-gnu cache-miss
173 http fetch GET 200 https://registry.npmjs.org/@rollup%2frollup-darwin-arm64 655ms (cache miss)
174 silly packumentCache full:https://registry.npmjs.org/@rollup%2frollup-darwin-arm64 set size:undefined disposed:false
175 silly fetch manifest @rollup/rollup-linux-loong64-musl@4.62.2
176 silly packumentCache full:https://registry.npmjs.org/@rollup%2frollup-linux-loong64-musl cache-miss
177 http fetch GET 200 https://registry.npmjs.org/@rollup%2frollup-android-arm64 674ms (cache miss)
178 silly packumentCache full:https://registry.npmjs.org/@rollup%2frollup-android-arm64 set size:undefined disposed:false
179 silly fetch manifest @rollup/rollup-linux-riscv64-gnu@4.62.2
180 silly packumentCache full:https://registry.npmjs.org/@rollup%2frollup-linux-riscv64-gnu cache-miss
181 http fetch GET 200 https://registry.npmjs.org/@rollup%2frollup-freebsd-arm64 670ms (cache miss)
182 silly packumentCache full:https://registry.npmjs.org/@rollup%2frollup-freebsd-arm64 set size:undefined disposed:false
183 silly fetch manifest @rollup/rollup-linux-riscv64-musl@4.62.2
184 silly packumentCache full:https://registry.npmjs.org/@rollup%2frollup-linux-riscv64-musl cache-miss
185 http fetch GET 200 https://registry.npmjs.org/@rollup%2frollup-win32-arm64-msvc 687ms (cache miss)
186 silly packumentCache full:https://registry.npmjs.org/@rollup%2frollup-win32-arm64-msvc set size:undefined disposed:false
187 silly fetch manifest @rollup/rollup-linux-ppc64-gnu@4.62.2
188 silly packumentCache full:https://registry.npmjs.org/@rollup%2frollup-linux-ppc64-gnu cache-miss
189 http fetch GET 200 https://registry.npmjs.org/@rollup%2frollup-linux-arm64-musl 682ms (cache miss)
190 silly packumentCache full:https://registry.npmjs.org/@rollup%2frollup-linux-arm64-musl set size:undefined disposed:false
191 silly fetch manifest @rollup/rollup-linux-ppc64-musl@4.62.2
192 silly packumentCache full:https://registry.npmjs.org/@rollup%2frollup-linux-ppc64-musl cache-miss
193 http fetch GET 200 https://registry.npmjs.org/@rollup%2frollup-linux-arm64-gnu 705ms (cache miss)
194 silly packumentCache full:https://registry.npmjs.org/@rollup%2frollup-linux-arm64-gnu set size:undefined disposed:false
195 silly fetch manifest @rollup/rollup-linux-s390x-gnu@4.62.2
196 silly packumentCache full:https://registry.npmjs.org/@rollup%2frollup-linux-s390x-gnu cache-miss
197 http fetch GET 200 https://registry.npmjs.org/@rollup%2frollup-linux-arm-gnueabihf 681ms (cache miss)
198 silly packumentCache full:https://registry.npmjs.org/@rollup%2frollup-linux-arm-gnueabihf set size:undefined disposed:false
199 silly fetch manifest @rollup/rollup-darwin-x64@4.62.2
200 silly packumentCache full:https://registry.npmjs.org/@rollup%2frollup-darwin-x64 cache-miss
201 http fetch GET 200 https://registry.npmjs.org/@rollup%2frollup-android-arm-eabi 695ms (cache miss)
202 silly packumentCache full:https://registry.npmjs.org/@rollup%2frollup-android-arm-eabi set size:undefined disposed:false
203 silly fetch manifest @rollup/rollup-win32-x64-gnu@4.62.2
204 silly packumentCache full:https://registry.npmjs.org/@rollup%2frollup-win32-x64-gnu cache-miss
205 http fetch GET 200 https://registry.npmjs.org/@rollup%2frollup-linux-arm-musleabihf 673ms (cache miss)
206 silly packumentCache full:https://registry.npmjs.org/@rollup%2frollup-linux-arm-musleabihf set size:undefined disposed:false
207 silly fetch manifest @rollup/rollup-win32-x64-msvc@4.62.2
208 silly packumentCache full:https://registry.npmjs.org/@rollup%2frollup-win32-x64-msvc cache-miss
209 http fetch GET 200 https://registry.npmjs.org/@rollup%2frollup-win32-ia32-msvc 663ms (cache miss)
210 silly packumentCache full:https://registry.npmjs.org/@rollup%2frollup-win32-ia32-msvc set size:undefined disposed:false
211 silly fetch manifest @rollup/rollup-freebsd-x64@4.62.2
212 silly packumentCache full:https://registry.npmjs.org/@rollup%2frollup-freebsd-x64 cache-miss
213 http fetch GET 200 https://registry.npmjs.org/@rollup%2frollup-linux-loong64-gnu 676ms (cache miss)
214 silly packumentCache full:https://registry.npmjs.org/@rollup%2frollup-linux-loong64-gnu set size:undefined disposed:false
215 silly fetch manifest @rollup/rollup-linux-x64-gnu@4.62.2
216 silly packumentCache full:https://registry.npmjs.org/@rollup%2frollup-linux-x64-gnu cache-miss
217 http fetch GET 200 https://registry.npmjs.org/@rollup%2frollup-linux-loong64-musl 629ms (cache miss)
218 silly packumentCache full:https://registry.npmjs.org/@rollup%2frollup-linux-loong64-musl set size:undefined disposed:false
219 silly fetch manifest @rollup/rollup-linux-x64-musl@4.62.2
220 silly packumentCache full:https://registry.npmjs.org/@rollup%2frollup-linux-x64-musl cache-miss
221 http fetch GET 200 https://registry.npmjs.org/@rollup%2frollup-linux-riscv64-gnu 694ms (cache miss)
222 silly packumentCache full:https://registry.npmjs.org/@rollup%2frollup-linux-riscv64-gnu set size:undefined disposed:false
223 silly fetch manifest @rollup/rollup-openbsd-x64@4.62.2
224 silly packumentCache full:https://registry.npmjs.org/@rollup%2frollup-openbsd-x64 cache-miss
225 http fetch GET 200 https://registry.npmjs.org/@rollup%2frollup-linux-riscv64-musl 666ms (cache miss)
226 silly packumentCache full:https://registry.npmjs.org/@rollup%2frollup-linux-riscv64-musl set size:undefined disposed:false
227 silly fetch manifest @rollup/rollup-openharmony-arm64@4.62.2
228 silly packumentCache full:https://registry.npmjs.org/@rollup%2frollup-openharmony-arm64 cache-miss
229 http fetch GET 200 https://registry.npmjs.org/@rollup%2frollup-linux-ppc64-gnu 659ms (cache miss)
230 silly packumentCache full:https://registry.npmjs.org/@rollup%2frollup-linux-ppc64-gnu set size:undefined disposed:false
231 http fetch GET 200 https://registry.npmjs.org/@rollup%2frollup-linux-ppc64-musl 675ms (cache miss)
232 silly packumentCache full:https://registry.npmjs.org/@rollup%2frollup-linux-ppc64-musl set size:undefined disposed:false
233 http fetch GET 200 https://registry.npmjs.org/@rollup%2frollup-linux-s390x-gnu 666ms (cache miss)
234 silly packumentCache full:https://registry.npmjs.org/@rollup%2frollup-linux-s390x-gnu set size:undefined disposed:false
235 http fetch GET 200 https://registry.npmjs.org/@rollup%2frollup-win32-x64-gnu 652ms (cache miss)
236 silly packumentCache full:https://registry.npmjs.org/@rollup%2frollup-win32-x64-gnu set size:undefined disposed:false
237 http fetch GET 200 https://registry.npmjs.org/@rollup%2frollup-win32-x64-msvc 649ms (cache miss)
238 silly packumentCache full:https://registry.npmjs.org/@rollup%2frollup-win32-x64-msvc set size:undefined disposed:false
239 http fetch GET 200 https://registry.npmjs.org/@rollup%2frollup-darwin-x64 673ms (cache miss)
240 silly packumentCache full:https://registry.npmjs.org/@rollup%2frollup-darwin-x64 set size:undefined disposed:false
241 http fetch GET 200 https://registry.npmjs.org/@rollup%2frollup-freebsd-x64 671ms (cache miss)
242 silly packumentCache full:https://registry.npmjs.org/@rollup%2frollup-freebsd-x64 set size:undefined disposed:false
243 http fetch GET 200 https://registry.npmjs.org/@rollup%2frollup-linux-x64-gnu 675ms (cache miss)
244 silly packumentCache full:https://registry.npmjs.org/@rollup%2frollup-linux-x64-gnu set size:undefined disposed:false
245 http fetch GET 200 https://registry.npmjs.org/@rollup%2frollup-linux-x64-musl 700ms (cache miss)
246 silly packumentCache full:https://registry.npmjs.org/@rollup%2frollup-linux-x64-musl set size:undefined disposed:false
247 http fetch GET 200 https://registry.npmjs.org/@rollup%2frollup-openharmony-arm64 626ms (cache miss)
248 silly packumentCache full:https://registry.npmjs.org/@rollup%2frollup-openharmony-arm64 set size:undefined disposed:false
249 http fetch GET 200 https://registry.npmjs.org/@rollup%2frollup-openbsd-x64 667ms (cache miss)
250 silly packumentCache full:https://registry.npmjs.org/@rollup%2frollup-openbsd-x64 set size:undefined disposed:false
251 silly placeDep ROOT @esbuild/aix-ppc64@0.19.12 OK for: esbuild@0.19.12 want: 0.19.12
252 silly placeDep ROOT @esbuild/android-arm@0.19.12 OK for: esbuild@0.19.12 want: 0.19.12
253 silly placeDep ROOT @esbuild/android-arm64@0.19.12 OK for: esbuild@0.19.12 want: 0.19.12
254 silly placeDep ROOT @esbuild/android-x64@0.19.12 OK for: esbuild@0.19.12 want: 0.19.12
255 silly placeDep ROOT @esbuild/darwin-arm64@0.19.12 OK for: esbuild@0.19.12 want: 0.19.12
256 silly placeDep ROOT @esbuild/darwin-x64@0.19.12 OK for: esbuild@0.19.12 want: 0.19.12
257 silly placeDep ROOT @esbuild/freebsd-arm64@0.19.12 OK for: esbuild@0.19.12 want: 0.19.12
258 silly placeDep ROOT @esbuild/freebsd-x64@0.19.12 OK for: esbuild@0.19.12 want: 0.19.12
259 silly placeDep ROOT @esbuild/linux-arm@0.19.12 OK for: esbuild@0.19.12 want: 0.19.12
260 silly placeDep ROOT @esbuild/linux-arm64@0.19.12 OK for: esbuild@0.19.12 want: 0.19.12
261 silly placeDep ROOT @esbuild/linux-ia32@0.19.12 OK for: esbuild@0.19.12 want: 0.19.12
262 silly placeDep ROOT @esbuild/linux-loong64@0.19.12 OK for: esbuild@0.19.12 want: 0.19.12
263 silly placeDep ROOT @esbuild/linux-mips64el@0.19.12 OK for: esbuild@0.19.12 want: 0.19.12
264 silly placeDep ROOT @esbuild/linux-ppc64@0.19.12 OK for: esbuild@0.19.12 want: 0.19.12
265 silly placeDep ROOT @esbuild/linux-riscv64@0.19.12 OK for: esbuild@0.19.12 want: 0.19.12
266 silly placeDep ROOT @esbuild/linux-s390x@0.19.12 OK for: esbuild@0.19.12 want: 0.19.12
267 silly placeDep ROOT @esbuild/linux-x64@0.19.12 OK for: esbuild@0.19.12 want: 0.19.12
268 silly placeDep ROOT @esbuild/netbsd-x64@0.19.12 OK for: esbuild@0.19.12 want: 0.19.12
269 silly placeDep ROOT @esbuild/openbsd-x64@0.19.12 OK for: esbuild@0.19.12 want: 0.19.12
270 silly placeDep ROOT @esbuild/sunos-x64@0.19.12 OK for: esbuild@0.19.12 want: 0.19.12
271 silly placeDep ROOT @esbuild/win32-arm64@0.19.12 OK for: esbuild@0.19.12 want: 0.19.12
272 silly placeDep ROOT @esbuild/win32-ia32@0.19.12 OK for: esbuild@0.19.12 want: 0.19.12
273 silly placeDep ROOT @esbuild/win32-x64@0.19.12 OK for: esbuild@0.19.12 want: 0.19.12
274 silly placeDep ROOT @rollup/rollup-android-arm-eabi@4.62.2 OK for: rollup@4.62.2 want: 4.62.2
275 silly placeDep ROOT @rollup/rollup-android-arm64@4.62.2 OK for: rollup@4.62.2 want: 4.62.2
276 silly placeDep ROOT @rollup/rollup-darwin-arm64@4.62.2 OK for: rollup@4.62.2 want: 4.62.2
277 silly placeDep ROOT @rollup/rollup-darwin-x64@4.62.2 OK for: rollup@4.62.2 want: 4.62.2
278 silly placeDep ROOT @rollup/rollup-freebsd-arm64@4.62.2 OK for: rollup@4.62.2 want: 4.62.2
279 silly placeDep ROOT @rollup/rollup-freebsd-x64@4.62.2 OK for: rollup@4.62.2 want: 4.62.2
280 silly placeDep ROOT @rollup/rollup-linux-arm-gnueabihf@4.62.2 OK for: rollup@4.62.2 want: 4.62.2
281 silly placeDep ROOT @rollup/rollup-linux-arm-musleabihf@4.62.2 OK for: rollup@4.62.2 want: 4.62.2
282 silly placeDep ROOT @rollup/rollup-linux-arm64-gnu@4.62.2 OK for: rollup@4.62.2 want: 4.62.2
283 silly placeDep ROOT @rollup/rollup-linux-arm64-musl@4.62.2 OK for: rollup@4.62.2 want: 4.62.2
284 silly placeDep ROOT @rollup/rollup-linux-loong64-gnu@4.62.2 OK for: rollup@4.62.2 want: 4.62.2
285 silly placeDep ROOT @rollup/rollup-linux-loong64-musl@4.62.2 OK for: rollup@4.62.2 want: 4.62.2
286 silly placeDep ROOT @rollup/rollup-linux-ppc64-gnu@4.62.2 OK for: rollup@4.62.2 want: 4.62.2
287 silly placeDep ROOT @rollup/rollup-linux-ppc64-musl@4.62.2 OK for: rollup@4.62.2 want: 4.62.2
288 silly placeDep ROOT @rollup/rollup-linux-riscv64-gnu@4.62.2 OK for: rollup@4.62.2 want: 4.62.2
289 silly placeDep ROOT @rollup/rollup-linux-riscv64-musl@4.62.2 OK for: rollup@4.62.2 want: 4.62.2
290 silly placeDep ROOT @rollup/rollup-linux-s390x-gnu@4.62.2 OK for: rollup@4.62.2 want: 4.62.2
291 silly placeDep ROOT @rollup/rollup-linux-x64-gnu@4.62.2 OK for: rollup@4.62.2 want: 4.62.2
292 silly placeDep ROOT @rollup/rollup-linux-x64-musl@4.62.2 OK for: rollup@4.62.2 want: 4.62.2
293 silly placeDep ROOT @rollup/rollup-openbsd-x64@4.62.2 OK for: rollup@4.62.2 want: 4.62.2
294 silly placeDep ROOT @rollup/rollup-openharmony-arm64@4.62.2 OK for: rollup@4.62.2 want: 4.62.2
295 silly placeDep ROOT @rollup/rollup-win32-arm64-msvc@4.62.2 OK for: rollup@4.62.2 want: 4.62.2
296 silly placeDep ROOT @rollup/rollup-win32-ia32-msvc@4.62.2 OK for: rollup@4.62.2 want: 4.62.2
297 silly placeDep ROOT @rollup/rollup-win32-x64-gnu@4.62.2 OK for: rollup@4.62.2 want: 4.62.2
298 silly placeDep ROOT @rollup/rollup-win32-x64-msvc@4.62.2 OK for: rollup@4.62.2 want: 4.62.2
299 silly reify mark retired [
299 silly reify   'C:\\Users\\david\\2026-Phase-2\\frontend\\node_modules\\@rolldown\\binding-wasm32-wasi'
299 silly reify ]
300 silly reify mark retired [
300 silly reify   'C:\\Users\\david\\2026-Phase-2\\frontend\\node_modules\\detect-libc'
300 silly reify ]
301 silly reify mark retired [
301 silly reify   'C:\\Users\\david\\2026-Phase-2\\frontend\\node_modules\\lightningcss'
301 silly reify ]
302 silly reify mark retired [
302 silly reify   'C:\\Users\\david\\2026-Phase-2\\frontend\\node_modules\\lightningcss-win32-x64-msvc'
302 silly reify ]
303 silly reify mark retired [
303 silly reify   'C:\\Users\\david\\2026-Phase-2\\frontend\\node_modules\\rolldown',
303 silly reify   'C:\\Users\\david\\2026-Phase-2\\frontend\\node_modules\\.bin\\rolldown',
303 silly reify   'C:\\Users\\david\\2026-Phase-2\\frontend\\node_modules\\.bin\\rolldown.cmd',
303 silly reify   'C:\\Users\\david\\2026-Phase-2\\frontend\\node_modules\\.bin\\rolldown.ps1'
303 silly reify ]
304 silly reify mark retired [ 'C:\\Users\\david\\2026-Phase-2\\frontend\\node_modules\\tslib' ]
305 silly reify mark retired [
305 silly reify   'C:\\Users\\david\\2026-Phase-2\\frontend\\node_modules\\vite',
305 silly reify   'C:\\Users\\david\\2026-Phase-2\\frontend\\node_modules\\.bin\\vite',
305 silly reify   'C:\\Users\\david\\2026-Phase-2\\frontend\\node_modules\\.bin\\vite.cmd',
305 silly reify   'C:\\Users\\david\\2026-Phase-2\\frontend\\node_modules\\.bin\\vite.ps1'
305 silly reify ]
306 silly reify mark retired [
306 silly reify   'C:\\Users\\david\\2026-Phase-2\\frontend\\node_modules\\@emnapi\\core'
306 silly reify ]
307 silly reify mark retired [
307 silly reify   'C:\\Users\\david\\2026-Phase-2\\frontend\\node_modules\\@emnapi\\runtime'
307 silly reify ]
308 silly reify mark retired [
308 silly reify   'C:\\Users\\david\\2026-Phase-2\\frontend\\node_modules\\@emnapi\\wasi-threads'
308 silly reify ]
309 silly reify mark retired [
309 silly reify   'C:\\Users\\david\\2026-Phase-2\\frontend\\node_modules\\@napi-rs\\wasm-runtime'
309 silly reify ]
310 silly reify mark retired [
310 silly reify   'C:\\Users\\david\\2026-Phase-2\\frontend\\node_modules\\@oxc-project\\types'
310 silly reify ]
311 silly reify mark retired [
311 silly reify   'C:\\Users\\david\\2026-Phase-2\\frontend\\node_modules\\@tybys\\wasm-util'
311 silly reify ]
312 silly reify mark retired [
312 silly reify   'C:\\Users\\david\\2026-Phase-2\\frontend\\node_modules\\@rolldown\\pluginutils'
312 silly reify ]
313 silly reify mark retired [
313 silly reify   'C:\\Users\\david\\2026-Phase-2\\frontend\\node_modules\\@rolldown\\binding-win32-x64-msvc'
313 silly reify ]
314 silly reify mark retired [
314 silly reify   'C:\\Users\\david\\2026-Phase-2\\frontend\\node_modules\\@vitejs\\plugin-react'
314 silly reify ]
315 silly reify moves {
315 silly reify   'C:\\Users\\david\\2026-Phase-2\\frontend\\node_modules\\@rolldown\\binding-wasm32-wasi': 'C:\\Users\\david\\2026-Phase-2\\frontend\\node_modules\\@rolldown\\.binding-wasm32-wasi-3aDb5sGw',
315 silly reify   'C:\\Users\\david\\2026-Phase-2\\frontend\\node_modules\\detect-libc': 'C:\\Users\\david\\2026-Phase-2\\frontend\\node_modules\\.detect-libc-uTCJWUwb',
315 silly reify   'C:\\Users\\david\\2026-Phase-2\\frontend\\node_modules\\lightningcss': 'C:\\Users\\david\\2026-Phase-2\\frontend\\node_modules\\.lightningcss-LHISDCiR',
315 silly reify   'C:\\Users\\david\\2026-Phase-2\\frontend\\node_modules\\lightningcss-win32-x64-msvc': 'C:\\Users\\david\\2026-Phase-2\\frontend\\node_modules\\.lightningcss-win32-x64-msvc-iSPsbO6h',
315 silly reify   'C:\\Users\\david\\2026-Phase-2\\frontend\\node_modules\\rolldown': 'C:\\Users\\david\\2026-Phase-2\\frontend\\node_modules\\.rolldown-J5hFq4Jv',
315 silly reify   'C:\\Users\\david\\2026-Phase-2\\frontend\\node_modules\\.bin\\rolldown': 'C:\\Users\\david\\2026-Phase-2\\frontend\\node_modules\\.bin\\.rolldown-ih45uYp0',
315 silly reify   'C:\\Users\\david\\2026-Phase-2\\frontend\\node_modules\\.bin\\rolldown.cmd': 'C:\\Users\\david\\2026-Phase-2\\frontend\\node_modules\\.bin\\.rolldown.cmd-5FNHvXe0',
315 silly reify   'C:\\Users\\david\\2026-Phase-2\\frontend\\node_modules\\.bin\\rolldown.ps1': 'C:\\Users\\david\\2026-Phase-2\\frontend\\node_modules\\.bin\\.rolldown.ps1-F6PqYYMO',
315 silly reify   'C:\\Users\\david\\2026-Phase-2\\frontend\\node_modules\\tslib': 'C:\\Users\\david\\2026-Phase-2\\frontend\\node_modules\\.tslib-sHxF0xKN',
315 silly reify   'C:\\Users\\david\\2026-Phase-2\\frontend\\node_modules\\vite': 'C:\\Users\\david\\2026-Phase-2\\frontend\\node_modules\\.vite-UQfGoisG',
315 silly reify   'C:\\Users\\david\\2026-Phase-2\\frontend\\node_modules\\.bin\\vite': 'C:\\Users\\david\\2026-Phase-2\\frontend\\node_modules\\.bin\\.vite-xsgTWfh4',
315 silly reify   'C:\\Users\\david\\2026-Phase-2\\frontend\\node_modules\\.bin\\vite.cmd': 'C:\\Users\\david\\2026-Phase-2\\frontend\\node_modules\\.bin\\.vite.cmd-BjAiZtQd',
315 silly reify   'C:\\Users\\david\\2026-Phase-2\\frontend\\node_modules\\.bin\\vite.ps1': 'C:\\Users\\david\\2026-Phase-2\\frontend\\node_modules\\.bin\\.vite.ps1-1P67S7UZ',
315 silly reify   'C:\\Users\\david\\2026-Phase-2\\frontend\\node_modules\\@emnapi\\core': 'C:\\Users\\david\\2026-Phase-2\\frontend\\node_modules\\@emnapi\\.core-PceQ4fCW',
315 silly reify   'C:\\Users\\david\\2026-Phase-2\\frontend\\node_modules\\@emnapi\\runtime': 'C:\\Users\\david\\2026-Phase-2\\frontend\\node_modules\\@emnapi\\.runtime-GXpISXkZ',
315 silly reify   'C:\\Users\\david\\2026-Phase-2\\frontend\\node_modules\\@emnapi\\wasi-threads': 'C:\\Users\\david\\2026-Phase-2\\frontend\\node_modules\\@emnapi\\.wasi-threads-jWW68dJH',
315 silly reify   'C:\\Users\\david\\2026-Phase-2\\frontend\\node_modules\\@napi-rs\\wasm-runtime': 'C:\\Users\\david\\2026-Phase-2\\frontend\\node_modules\\@napi-rs\\.wasm-runtime-fLDhFJ33',
315 silly reify   'C:\\Users\\david\\2026-Phase-2\\frontend\\node_modules\\@oxc-project\\types': 'C:\\Users\\david\\2026-Phase-2\\frontend\\node_modules\\@oxc-project\\.types-UPVsW50C',
315 silly reify   'C:\\Users\\david\\2026-Phase-2\\frontend\\node_modules\\@tybys\\wasm-util': 'C:\\Users\\david\\2026-Phase-2\\frontend\\node_modules\\@tybys\\.wasm-util-wSWOECCk',
315 silly reify   'C:\\Users\\david\\2026-Phase-2\\frontend\\node_modules\\@rolldown\\pluginutils': 'C:\\Users\\david\\2026-Phase-2\\frontend\\node_modules\\@rolldown\\.pluginutils-Y9hkhNm5',
315 silly reify   'C:\\Users\\david\\2026-Phase-2\\frontend\\node_modules\\@rolldown\\binding-win32-x64-msvc': 'C:\\Users\\david\\2026-Phase-2\\frontend\\node_modules\\@rolldown\\.binding-win32-x64-msvc-DNdPFVhZ',
315 silly reify   'C:\\Users\\david\\2026-Phase-2\\frontend\\node_modules\\@vitejs\\plugin-react': 'C:\\Users\\david\\2026-Phase-2\\frontend\\node_modules\\@vitejs\\.plugin-react-pWVUpNEi'
315 silly reify }
316 verbose reify failed optional dependency C:\Users\david\2026-Phase-2\frontend\node_modules\@rollup\rollup-win32-ia32-msvc
317 silly reify mark deleted [
317 silly reify   'C:\\Users\\david\\2026-Phase-2\\frontend\\node_modules\\@rollup\\rollup-win32-ia32-msvc'
317 silly reify ]
318 verbose reify failed optional dependency C:\Users\david\2026-Phase-2\frontend\node_modules\@rollup\rollup-win32-arm64-msvc
319 silly reify mark deleted [
319 silly reify   'C:\\Users\\david\\2026-Phase-2\\frontend\\node_modules\\@rollup\\rollup-win32-arm64-msvc'
319 silly reify ]
320 verbose reify failed optional dependency C:\Users\david\2026-Phase-2\frontend\node_modules\@rollup\rollup-openharmony-arm64
321 silly reify mark deleted [
321 silly reify   'C:\\Users\\david\\2026-Phase-2\\frontend\\node_modules\\@rollup\\rollup-openharmony-arm64'
321 silly reify ]
322 verbose reify failed optional dependency C:\Users\david\2026-Phase-2\frontend\node_modules\@rollup\rollup-openbsd-x64
323 silly reify mark deleted [
323 silly reify   'C:\\Users\\david\\2026-Phase-2\\frontend\\node_modules\\@rollup\\rollup-openbsd-x64'
323 silly reify ]
324 verbose reify failed optional dependency C:\Users\david\2026-Phase-2\frontend\node_modules\@rollup\rollup-linux-x64-musl
325 silly reify mark deleted [
325 silly reify   'C:\\Users\\david\\2026-Phase-2\\frontend\\node_modules\\@rollup\\rollup-linux-x64-musl'
325 silly reify ]
326 verbose reify failed optional dependency C:\Users\david\2026-Phase-2\frontend\node_modules\@rollup\rollup-linux-x64-gnu
327 silly reify mark deleted [
327 silly reify   'C:\\Users\\david\\2026-Phase-2\\frontend\\node_modules\\@rollup\\rollup-linux-x64-gnu'
327 silly reify ]
328 verbose reify failed optional dependency C:\Users\david\2026-Phase-2\frontend\node_modules\@rollup\rollup-linux-s390x-gnu
329 silly reify mark deleted [
329 silly reify   'C:\\Users\\david\\2026-Phase-2\\frontend\\node_modules\\@rollup\\rollup-linux-s390x-gnu'
329 silly reify ]
330 verbose reify failed optional dependency C:\Users\david\2026-Phase-2\frontend\node_modules\@rollup\rollup-linux-riscv64-musl
331 silly reify mark deleted [
331 silly reify   'C:\\Users\\david\\2026-Phase-2\\frontend\\node_modules\\@rollup\\rollup-linux-riscv64-musl'
331 silly reify ]
332 verbose reify failed optional dependency C:\Users\david\2026-Phase-2\frontend\node_modules\@rollup\rollup-linux-riscv64-gnu
333 silly reify mark deleted [
333 silly reify   'C:\\Users\\david\\2026-Phase-2\\frontend\\node_modules\\@rollup\\rollup-linux-riscv64-gnu'
333 silly reify ]
334 verbose reify failed optional dependency C:\Users\david\2026-Phase-2\frontend\node_modules\@rollup\rollup-linux-ppc64-musl
335 silly reify mark deleted [
335 silly reify   'C:\\Users\\david\\2026-Phase-2\\frontend\\node_modules\\@rollup\\rollup-linux-ppc64-musl'
335 silly reify ]
336 verbose reify failed optional dependency C:\Users\david\2026-Phase-2\frontend\node_modules\@rollup\rollup-linux-ppc64-gnu
337 silly reify mark deleted [
337 silly reify   'C:\\Users\\david\\2026-Phase-2\\frontend\\node_modules\\@rollup\\rollup-linux-ppc64-gnu'
337 silly reify ]
338 verbose reify failed optional dependency C:\Users\david\2026-Phase-2\frontend\node_modules\@rollup\rollup-linux-loong64-musl
339 silly reify mark deleted [
339 silly reify   'C:\\Users\\david\\2026-Phase-2\\frontend\\node_modules\\@rollup\\rollup-linux-loong64-musl'
339 silly reify ]
340 verbose reify failed optional dependency C:\Users\david\2026-Phase-2\frontend\node_modules\@rollup\rollup-linux-loong64-gnu
341 silly reify mark deleted [
341 silly reify   'C:\\Users\\david\\2026-Phase-2\\frontend\\node_modules\\@rollup\\rollup-linux-loong64-gnu'
341 silly reify ]
342 verbose reify failed optional dependency C:\Users\david\2026-Phase-2\frontend\node_modules\@rollup\rollup-linux-arm64-musl
343 silly reify mark deleted [
343 silly reify   'C:\\Users\\david\\2026-Phase-2\\frontend\\node_modules\\@rollup\\rollup-linux-arm64-musl'
343 silly reify ]
344 verbose reify failed optional dependency C:\Users\david\2026-Phase-2\frontend\node_modules\@rollup\rollup-linux-arm64-gnu
345 silly reify mark deleted [
345 silly reify   'C:\\Users\\david\\2026-Phase-2\\frontend\\node_modules\\@rollup\\rollup-linux-arm64-gnu'
345 silly reify ]
346 verbose reify failed optional dependency C:\Users\david\2026-Phase-2\frontend\node_modules\@rollup\rollup-linux-arm-musleabihf
347 silly reify mark deleted [
347 silly reify   'C:\\Users\\david\\2026-Phase-2\\frontend\\node_modules\\@rollup\\rollup-linux-arm-musleabihf'
347 silly reify ]
348 verbose reify failed optional dependency C:\Users\david\2026-Phase-2\frontend\node_modules\@rollup\rollup-linux-arm-gnueabihf
349 silly reify mark deleted [
349 silly reify   'C:\\Users\\david\\2026-Phase-2\\frontend\\node_modules\\@rollup\\rollup-linux-arm-gnueabihf'
349 silly reify ]
350 verbose reify failed optional dependency C:\Users\david\2026-Phase-2\frontend\node_modules\@rollup\rollup-freebsd-x64
351 silly reify mark deleted [
351 silly reify   'C:\\Users\\david\\2026-Phase-2\\frontend\\node_modules\\@rollup\\rollup-freebsd-x64'
351 silly reify ]
352 verbose reify failed optional dependency C:\Users\david\2026-Phase-2\frontend\node_modules\@rollup\rollup-freebsd-arm64
353 silly reify mark deleted [
353 silly reify   'C:\\Users\\david\\2026-Phase-2\\frontend\\node_modules\\@rollup\\rollup-freebsd-arm64'
353 silly reify ]
354 verbose reify failed optional dependency C:\Users\david\2026-Phase-2\frontend\node_modules\@rollup\rollup-darwin-x64
355 silly reify mark deleted [
355 silly reify   'C:\\Users\\david\\2026-Phase-2\\frontend\\node_modules\\@rollup\\rollup-darwin-x64'
355 silly reify ]
356 verbose reify failed optional dependency C:\Users\david\2026-Phase-2\frontend\node_modules\@rollup\rollup-darwin-arm64
357 silly reify mark deleted [
357 silly reify   'C:\\Users\\david\\2026-Phase-2\\frontend\\node_modules\\@rollup\\rollup-darwin-arm64'
357 silly reify ]
358 verbose reify failed optional dependency C:\Users\david\2026-Phase-2\frontend\node_modules\@rollup\rollup-android-arm64
359 silly reify mark deleted [
359 silly reify   'C:\\Users\\david\\2026-Phase-2\\frontend\\node_modules\\@rollup\\rollup-android-arm64'
359 silly reify ]
360 verbose reify failed optional dependency C:\Users\david\2026-Phase-2\frontend\node_modules\@rollup\rollup-android-arm-eabi
361 silly reify mark deleted [
361 silly reify   'C:\\Users\\david\\2026-Phase-2\\frontend\\node_modules\\@rollup\\rollup-android-arm-eabi'
361 silly reify ]
362 verbose reify failed optional dependency C:\Users\david\2026-Phase-2\frontend\node_modules\@esbuild\win32-ia32
363 silly reify mark deleted [
363 silly reify   'C:\\Users\\david\\2026-Phase-2\\frontend\\node_modules\\@esbuild\\win32-ia32'
363 silly reify ]
364 verbose reify failed optional dependency C:\Users\david\2026-Phase-2\frontend\node_modules\@esbuild\win32-arm64
365 silly reify mark deleted [
365 silly reify   'C:\\Users\\david\\2026-Phase-2\\frontend\\node_modules\\@esbuild\\win32-arm64'
365 silly reify ]
366 verbose reify failed optional dependency C:\Users\david\2026-Phase-2\frontend\node_modules\@esbuild\sunos-x64
367 silly reify mark deleted [
367 silly reify   'C:\\Users\\david\\2026-Phase-2\\frontend\\node_modules\\@esbuild\\sunos-x64'
367 silly reify ]
368 verbose reify failed optional dependency C:\Users\david\2026-Phase-2\frontend\node_modules\@esbuild\openbsd-x64
369 silly reify mark deleted [
369 silly reify   'C:\\Users\\david\\2026-Phase-2\\frontend\\node_modules\\@esbuild\\openbsd-x64'
369 silly reify ]
370 verbose reify failed optional dependency C:\Users\david\2026-Phase-2\frontend\node_modules\@esbuild\netbsd-x64
371 silly reify mark deleted [
371 silly reify   'C:\\Users\\david\\2026-Phase-2\\frontend\\node_modules\\@esbuild\\netbsd-x64'
371 silly reify ]
372 verbose reify failed optional dependency C:\Users\david\2026-Phase-2\frontend\node_modules\@esbuild\linux-x64
373 silly reify mark deleted [
373 silly reify   'C:\\Users\\david\\2026-Phase-2\\frontend\\node_modules\\@esbuild\\linux-x64'
373 silly reify ]
374 verbose reify failed optional dependency C:\Users\david\2026-Phase-2\frontend\node_modules\@esbuild\linux-s390x
375 silly reify mark deleted [
375 silly reify   'C:\\Users\\david\\2026-Phase-2\\frontend\\node_modules\\@esbuild\\linux-s390x'
375 silly reify ]
376 verbose reify failed optional dependency C:\Users\david\2026-Phase-2\frontend\node_modules\@esbuild\linux-riscv64
377 silly reify mark deleted [
377 silly reify   'C:\\Users\\david\\2026-Phase-2\\frontend\\node_modules\\@esbuild\\linux-riscv64'
377 silly reify ]
378 verbose reify failed optional dependency C:\Users\david\2026-Phase-2\frontend\node_modules\@esbuild\linux-ppc64
379 silly reify mark deleted [
379 silly reify   'C:\\Users\\david\\2026-Phase-2\\frontend\\node_modules\\@esbuild\\linux-ppc64'
379 silly reify ]
380 verbose reify failed optional dependency C:\Users\david\2026-Phase-2\frontend\node_modules\@esbuild\linux-mips64el
381 silly reify mark deleted [
381 silly reify   'C:\\Users\\david\\2026-Phase-2\\frontend\\node_modules\\@esbuild\\linux-mips64el'
381 silly reify ]
382 verbose reify failed optional dependency C:\Users\david\2026-Phase-2\frontend\node_modules\@esbuild\linux-loong64
383 silly reify mark deleted [
383 silly reify   'C:\\Users\\david\\2026-Phase-2\\frontend\\node_modules\\@esbuild\\linux-loong64'
383 silly reify ]
384 verbose reify failed optional dependency C:\Users\david\2026-Phase-2\frontend\node_modules\@esbuild\linux-ia32
385 silly reify mark deleted [
385 silly reify   'C:\\Users\\david\\2026-Phase-2\\frontend\\node_modules\\@esbuild\\linux-ia32'
385 silly reify ]
386 verbose reify failed optional dependency C:\Users\david\2026-Phase-2\frontend\node_modules\@esbuild\linux-arm64
387 silly reify mark deleted [
387 silly reify   'C:\\Users\\david\\2026-Phase-2\\frontend\\node_modules\\@esbuild\\linux-arm64'
387 silly reify ]
388 verbose reify failed optional dependency C:\Users\david\2026-Phase-2\frontend\node_modules\@esbuild\linux-arm
389 silly reify mark deleted [
389 silly reify   'C:\\Users\\david\\2026-Phase-2\\frontend\\node_modules\\@esbuild\\linux-arm'
389 silly reify ]
390 verbose reify failed optional dependency C:\Users\david\2026-Phase-2\frontend\node_modules\@esbuild\freebsd-x64
391 silly reify mark deleted [
391 silly reify   'C:\\Users\\david\\2026-Phase-2\\frontend\\node_modules\\@esbuild\\freebsd-x64'
391 silly reify ]
392 verbose reify failed optional dependency C:\Users\david\2026-Phase-2\frontend\node_modules\@esbuild\freebsd-arm64
393 silly reify mark deleted [
393 silly reify   'C:\\Users\\david\\2026-Phase-2\\frontend\\node_modules\\@esbuild\\freebsd-arm64'
393 silly reify ]
394 verbose reify failed optional dependency C:\Users\david\2026-Phase-2\frontend\node_modules\@esbuild\darwin-x64
395 silly reify mark deleted [
395 silly reify   'C:\\Users\\david\\2026-Phase-2\\frontend\\node_modules\\@esbuild\\darwin-x64'
395 silly reify ]
396 verbose reify failed optional dependency C:\Users\david\2026-Phase-2\frontend\node_modules\@esbuild\darwin-arm64
397 silly reify mark deleted [
397 silly reify   'C:\\Users\\david\\2026-Phase-2\\frontend\\node_modules\\@esbuild\\darwin-arm64'
397 silly reify ]
398 verbose reify failed optional dependency C:\Users\david\2026-Phase-2\frontend\node_modules\@esbuild\android-x64
399 silly reify mark deleted [
399 silly reify   'C:\\Users\\david\\2026-Phase-2\\frontend\\node_modules\\@esbuild\\android-x64'
399 silly reify ]
400 verbose reify failed optional dependency C:\Users\david\2026-Phase-2\frontend\node_modules\@esbuild\android-arm64
401 silly reify mark deleted [
401 silly reify   'C:\\Users\\david\\2026-Phase-2\\frontend\\node_modules\\@esbuild\\android-arm64'
401 silly reify ]
402 verbose reify failed optional dependency C:\Users\david\2026-Phase-2\frontend\node_modules\@esbuild\android-arm
403 silly reify mark deleted [
403 silly reify   'C:\\Users\\david\\2026-Phase-2\\frontend\\node_modules\\@esbuild\\android-arm'
403 silly reify ]
404 verbose reify failed optional dependency C:\Users\david\2026-Phase-2\frontend\node_modules\@esbuild\aix-ppc64
405 silly reify mark deleted [
405 silly reify   'C:\\Users\\david\\2026-Phase-2\\frontend\\node_modules\\@esbuild\\aix-ppc64'
405 silly reify ]
406 verbose reify failed optional dependency C:\Users\david\2026-Phase-2\frontend\node_modules\fsevents
407 silly reify mark deleted [ 'C:\\Users\\david\\2026-Phase-2\\frontend\\node_modules\\fsevents' ]
408 silly tarball no local data for @rollup/rollup-win32-x64-msvc@https://registry.npmjs.org/@rollup/rollup-win32-x64-msvc/-/rollup-win32-x64-msvc-4.62.2.tgz. Extracting by manifest.
409 silly tarball no local data for @rollup/rollup-win32-x64-gnu@https://registry.npmjs.org/@rollup/rollup-win32-x64-gnu/-/rollup-win32-x64-gnu-4.62.2.tgz. Extracting by manifest.
410 silly tarball no local data for @esbuild/win32-x64@https://registry.npmjs.org/@esbuild/win32-x64/-/win32-x64-0.19.12.tgz. Extracting by manifest.
411 silly tarball no local data for rollup@https://registry.npmjs.org/rollup/-/rollup-4.62.2.tgz. Extracting by manifest.
412 silly tarball no local data for esbuild@https://registry.npmjs.org/esbuild/-/esbuild-0.19.12.tgz. Extracting by manifest.
413 silly tarball no local data for react-refresh@https://registry.npmjs.org/react-refresh/-/react-refresh-0.14.2.tgz. Extracting by manifest.
414 silly tarball no local data for @babel/helper-plugin-utils@https://registry.npmjs.org/@babel/helper-plugin-utils/-/helper-plugin-utils-7.29.7.tgz. Extracting by manifest.
415 silly tarball no local data for @babel/plugin-transform-react-jsx-source@https://registry.npmjs.org/@babel/plugin-transform-react-jsx-source/-/plugin-transform-react-jsx-source-7.29.7.tgz. Extracting by manifest.
416 silly tarball no local data for @babel/plugin-transform-react-jsx-self@https://registry.npmjs.org/@babel/plugin-transform-react-jsx-self/-/plugin-transform-react-jsx-self-7.29.7.tgz. Extracting by manifest.
417 silly tarball no local data for @vitejs/plugin-react@https://registry.npmjs.org/@vitejs/plugin-react/-/plugin-react-4.0.0.tgz. Extracting by manifest.
418 silly tarball no local data for vite@https://registry.npmjs.org/vite/-/vite-5.0.0.tgz. Extracting by manifest.
419 http fetch GET 200 https://registry.npmjs.org/@babel/plugin-transform-react-jsx-source/-/plugin-transform-react-jsx-source-7.29.7.tgz 138ms (cache miss)
420 http fetch GET 200 https://registry.npmjs.org/@babel/helper-plugin-utils/-/helper-plugin-utils-7.29.7.tgz 140ms (cache miss)
421 http fetch GET 200 https://registry.npmjs.org/esbuild/-/esbuild-0.19.12.tgz 160ms (cache miss)
422 http fetch GET 200 https://registry.npmjs.org/react-refresh/-/react-refresh-0.14.2.tgz 162ms (cache miss)
423 http fetch GET 200 https://registry.npmjs.org/@babel/plugin-transform-react-jsx-self/-/plugin-transform-react-jsx-self-7.29.7.tgz 256ms (cache miss)
424 http fetch GET 200 https://registry.npmjs.org/@rollup/rollup-win32-x64-gnu/-/rollup-win32-x64-gnu-4.62.2.tgz 411ms (cache miss)
425 http fetch GET 200 https://registry.npmjs.org/@rollup/rollup-win32-x64-msvc/-/rollup-win32-x64-msvc-4.62.2.tgz 458ms (cache miss)
426 http fetch GET 200 https://registry.npmjs.org/rollup/-/rollup-4.62.2.tgz 547ms (cache miss)
427 http fetch GET 200 https://registry.npmjs.org/@vitejs/plugin-react/-/plugin-react-4.0.0.tgz 584ms (cache miss)
428 http fetch GET 200 https://registry.npmjs.org/@esbuild/win32-x64/-/win32-x64-0.19.12.tgz 729ms (cache miss)
429 http fetch GET 200 https://registry.npmjs.org/vite/-/vite-5.0.0.tgz 728ms (cache miss)
430 info run esbuild@0.19.12 postinstall node_modules/esbuild node install.js
431 info run esbuild@0.19.12 postinstall { code: 0, signal: null }
432 silly ADD node_modules/@rollup/rollup-win32-x64-msvc
433 silly ADD node_modules/@rollup/rollup-win32-x64-gnu
434 silly ADD
435 silly ADD
436 silly ADD
437 silly ADD
438 silly ADD
439 silly ADD
440 silly ADD
441 silly ADD
442 silly ADD
443 silly ADD
444 silly ADD
445 silly ADD
446 silly ADD
447 silly ADD
448 silly ADD
449 silly ADD
450 silly ADD
451 silly ADD
452 silly ADD
453 silly ADD
454 silly ADD
455 silly ADD
456 silly ADD
457 silly ADD node_modules/@esbuild/win32-x64
458 silly ADD
459 silly ADD
460 silly ADD
461 silly ADD
462 silly ADD
463 silly ADD
464 silly ADD
465 silly ADD
466 silly ADD
467 silly ADD
468 silly ADD
469 silly ADD
470 silly ADD
471 silly ADD
472 silly ADD
473 silly ADD
474 silly ADD
475 silly ADD
476 silly ADD
477 silly ADD
478 silly ADD
479 silly ADD
480 silly ADD node_modules/rollup
481 silly ADD node_modules/esbuild
482 silly ADD node_modules/@babel/helper-plugin-utils
483 silly ADD node_modules/react-refresh
484 silly ADD node_modules/@babel/plugin-transform-react-jsx-source
485 silly ADD node_modules/@babel/plugin-transform-react-jsx-self
486 silly ADD
487 silly CHANGE node_modules/@vitejs/plugin-react
488 silly REMOVE node_modules/@rolldown/binding-win32-x64-msvc
489 silly REMOVE node_modules/@rolldown/pluginutils
490 silly REMOVE node_modules/@tybys/wasm-util
491 silly REMOVE node_modules/@oxc-project/types
492 silly REMOVE node_modules/@napi-rs/wasm-runtime
493 silly REMOVE node_modules/@emnapi/wasi-threads
494 silly REMOVE node_modules/@emnapi/runtime
495 silly REMOVE node_modules/@emnapi/core
496 silly CHANGE node_modules/vite
497 silly REMOVE node_modules/tslib
498 silly REMOVE node_modules/rolldown
499 silly REMOVE node_modules/lightningcss-win32-x64-msvc
500 silly REMOVE node_modules/lightningcss
501 silly REMOVE node_modules/detect-libc
502 silly REMOVE node_modules/@rolldown/binding-wasm32-wasi
503 silly REMOVE node_modules/@rolldown/binding-wasm32-wasi/node_modules/@emnapi/runtime
504 silly REMOVE node_modules/@rolldown/binding-wasm32-wasi/node_modules/@emnapi/wasi-threads
505 silly REMOVE node_modules/@rolldown/binding-wasm32-wasi/node_modules/@emnapi/core
506 verbose cwd C:\Users\david\2026-Phase-2\frontend
507 verbose os Windows_NT 10.0.26200
508 verbose node v20.20.2
509 verbose npm  v10.8.2
510 verbose exit 0
511 info ok
